// Jest Snapshot v1, https://goo.gl/fbAQLP

exports[`NotificationList renders correctly should render correctly 1`] = `
<div>
  <div
    class="notifications"
  >
    <div
      class="notifications-list-title"
    >
      Newest notifications
    </div>
    <ul
      class="notifications-list"
    >
      <li
        class="notification"
      >
        <div
          class="notification-icon"
        >
          <svg>
            bell.svg
          </svg>
        </div>
        <div>
          <div
            class="title"
          >
            Notification 1
          </div>
          <div
            class="date"
          >
            10.6.2020 | 10:01AM
          </div>
        </div>
      </li>
      <li
        class="notification is-new"
      >
        <div
          class="notification-icon"
        >
          <svg>
            bell.svg
          </svg>
        </div>
        <div>
          <div
            class="title"
          >
            Notification 2
          </div>
          <div
            class="date"
          >
            10.6.2020 | 10:01AM
          </div>
        </div>
      </li>
      <li
        class="notification is-new"
      >
        <div
          class="notification-icon"
        >
          <svg>
            bell.svg
          </svg>
        </div>
        <div>
          <div
            class="title"
          >
            Notification 3
          </div>
          <div
            class="date"
          >
            10.6.2020 | 10:01AM
          </div>
        </div>
      </li>
    </ul>
  </div>
</div>
`;
